u_dgr UNCONN 0      0                                                                    @tahoe.6aca4b7c3931329b.290819.444 805765            * 0
u_dgr UNCONN 0      0                                                                    @tahoe.6aca4b7c3931329b.392707.444 811505            * 0
u_dgr UNCONN 0      0                                                                    @tahoe.6aca4b7c3931329b.271107.414 809029            * 0
u_dgr UNCONN 0      0                                                                    @tahoe.6aca4b7c3931329b.270339.414 809017            * 0
u_dgr UNCONN 0      0                                                                    @tahoe.6aca4b7c3931329b.290307.444 805763            * 0
u_dgr UNCONN 0      0                                                                    @tahoe.6aca4b7c3931329b.390147.414 811472            * 0
u_dgr UNCONN 0      0                                                                    @tahoe.6aca4b7c3931329b.291331.414 809047            * 0
u_dgr UNCONN 0      0                                                                    @tahoe.6aca4b7c3931329b.293123.414 810132            * 0
u_dgr UNCONN 0      0                                                                      @tahoe.6aca4b7c3931329b.56579.38 811616            * 0
u_dgr UNCONN 0      0                                                                      @tahoe.6aca4b7c3931329b.79107.48 808877            * 0
u_dgr UNCONN 0      0                                                                      @tahoe.6aca4b7c3931329b.27395.20 805625            * 0
u_dgr UNCONN 1      0                                                                      @tahoe.6aca4b7c3931329b.417027.1 807772            * 0
u_dgr UNCONN 0      0                                                                      @tahoe.6aca4b7c3931329b.369155.1 807653            * 0
u_dgr UNCONN 0      0                                                                      @tahoe.6aca4b7c3931329b.306435.1 810181            * 0
u_dgr UNCONN 0      0                                                                      @tahoe.6aca4b7c3931329b.29699.21 808214            * 0
u_dgr UNCONN 0      0                                                                      @tahoe.6aca4b7c3931329b.103683.1 805229            * 0
u_dgr UNCONN 0      0                                                                      @tahoe.6aca4b7c3931329b.368131.1 811237            * 0
u_dgr UNCONN 0      0                                                                      @tahoe.6aca4b7c3931329b.32771.23 810353            * 0
u_dgr UNCONN 0      0                                                                      @tahoe.6aca4b7c3931329b.47107.32 811243            * 0
u_dgr UNCONN 0      0                                                                      @tahoe.6aca4b7c3931329b.26115.54 810004            * 0
u_dgr UNCONN 0      0                                                                      @tahoe.6aca4b7c3931329b.98563.54 810003            * 0
u_dgr UNCONN 0      0                                                                      @tahoe.6aca4b7c3931329b.79363.48 808848            * 0
u_dgr UNCONN 0      0                                                                      @tahoe.6aca4b7c3931329b.27139.20 805586            * 0
u_dgr UNCONN 1      0                                                                      @tahoe.6aca4b7c3931329b.303875.1 810161            * 0
u_dgr UNCONN 0      0                                                                      @tahoe.6aca4b7c3931329b.327427.1 811091            * 0
u_dgr UNCONN 1      0                                                                      @tahoe.6aca4b7c3931329b.33539.24 807268            * 0
u_dgr UNCONN 0      0                                                                      @tahoe.6aca4b7c3931329b.76291.47 807721            * 0
u_dgr UNCONN 1      0                                                                      @tahoe.6aca4b7c3931329b.73475.46 806898            * 0
u_dgr UNCONN 1      0                                                                      @tahoe.6aca4b7c3931329b.68611.42 808934            * 0
u_dgr UNCONN 0      0                                                                      @tahoe.6aca4b7c3931329b.369923.1 810438            * 0
u_dgr UNCONN 0      0                                                                      @tahoe.6aca4b7c3931329b.367107.1 810426            * 0
u_dgr UNCONN 0      0                                                                      @tahoe.6aca4b7c3931329b.306691.1 810182            * 0
u_dgr UNCONN 1      0                                                                      @tahoe.6aca4b7c3931329b.242179.1 807338            * 0
u_dgr UNCONN 0      0                                                                      @tahoe.6aca4b7c3931329b.269571.1 805658            * 0
u_dgr UNCONN 0      0                                                                      @tahoe.6aca4b7c3931329b.33795.24 807267            * 0
u_dgr UNCONN 1      0                                                                      @tahoe.6aca4b7c3931329b.326659.1 810287            * 0
u_dgr UNCONN 0      0                                                                      @tahoe.6aca4b7c3931329b.73219.46 808816            * 0
u_dgr UNCONN 0      0                                                                      @tahoe.6aca4b7c3931329b.87043.52 808859            * 0
u_dgr UNCONN 0      0                                                                      @tahoe.6aca4b7c3931329b.417795.1 810721            * 0
u_dgr UNCONN 1      0                                                                      @tahoe.6aca4b7c3931329b.274691.1 808935            * 0
u_dgr UNCONN 0      0                                                                      @tahoe.6aca4b7c3931329b.102915.1 805226            * 0
u_dgr UNCONN 0      0                                                                      @tahoe.6aca4b7c3931329b.232707.1 808467            * 0
u_dgr UNCONN 0      0                                                                      @tahoe.6aca4b7c3931329b.370435.1 807656            * 0
u_dgr UNCONN 1      0                                                                      @tahoe.6aca4b7c3931329b.270339.1 805668            * 0
u_dgr UNCONN 1      0                                                                      @tahoe.6aca4b7c3931329b.62723.40 810645            * 0
u_dgr UNCONN 0      0                                                                      @tahoe.6aca4b7c3931329b.372227.1 811254            * 0
u_dgr UNCONN 1      0                                                                      @tahoe.6aca4b7c3931329b.30467.22 808608            * 0
u_dgr UNCONN 0      0                                                                      @tahoe.6aca4b7c3931329b.102659.1 805225            * 0
u_dgr UNCONN 0      0                                                                      @tahoe.6aca4b7c3931329b.32515.23 807634            * 0
u_dgr UNCONN 0      0                                                                      @tahoe.6aca4b7c3931329b.33027.23 807629            * 0
u_dgr UNCONN 1      0                                                                      @tahoe.6aca4b7c3931329b.30723.23 805469            * 0
u_dgr UNCONN 0      0                                                                     @tahoe.6aca4b7c3931329b.171779.40 807180            * 0
u_dgr UNCONN 1      0                                                                     @tahoe.6aca4b7c3931329b.370947.50 811252            * 0
u_dgr UNCONN 0      0                                                                     @tahoe.6aca4b7c3931329b.190723.50 807194            * 0
u_dgr UNCONN 0      0                                                                     @tahoe.6aca4b7c3931329b.181507.41 805338            * 0
u_dgr UNCONN 0      0                                                                      @tahoe.6aca4b7c3931329b.102403.1 805224            * 0
u_dgr UNCONN 0      0                                                                     @tahoe.6aca4b7c3931329b.251907.20 805619            * 0
u_dgr UNCONN 0      0                                                                      @tahoe.6aca4b7c3931329b.103427.1 805228            * 0
u_dgr UNCONN 0      0                                                                     @tahoe.6aca4b7c3931329b.396803.40 811522            * 0
u_dgr UNCONN 0      0                                                                     @tahoe.6aca4b7c3931329b.280835.52 809987            * 0
u_dgr UNCONN 0      0                                                                     @tahoe.6aca4b7c3931329b.180739.41 805337            * 0
u_dgr UNCONN 0      0                                                                     @tahoe.6aca4b7c3931329b.162819.33 808160            * 0
u_dgr UNCONN 0      0                                                                     @tahoe.6aca4b7c3931329b.281347.52 809989            * 0
u_dgr UNCONN 0      0                                                                      @tahoe.6aca4b7c3931329b.363011.1 810405            * 0
u_dgr UNCONN 0      0                                                                      @tahoe.6aca4b7c3931329b.312323.1 810215            * 0
u_dgr UNCONN 0      0                                                                     @tahoe.6aca4b7c3931329b.294915.32 809009            * 0
u_dgr UNCONN 0      0                                                                     @tahoe.6aca4b7c3931329b.155907.53 807177            * 0
u_dgr UNCONN 0      0                                                                     @tahoe.6aca4b7c3931329b.373507.50 810457            * 0
u_dgr UNCONN 0      0                                                                     @tahoe.6aca4b7c3931329b.271619.22 808915            * 0
u_dgr UNCONN 0      0                                                                     @tahoe.6aca4b7c3931329b.192515.52 806391            * 0
u_dgr UNCONN 0      0                                                                      @tahoe.6aca4b7c3931329b.103171.1 805227            * 0
u_dgr UNCONN 0      0                                                                     @tahoe.6aca4b7c3931329b.370435.32 807658            * 0
u_dgr UNCONN 1      0                                                                     @tahoe.6aca4b7c3931329b.364803.32 810414            * 0
u_dgr UNCONN 0      0                                                                     @tahoe.6aca4b7c3931329b.332547.50 809139            * 0
u_dgr UNCONN 0      0                                                                     @tahoe.6aca4b7c3931329b.230403.52 808458            * 0
u_dgr UNCONN 0      0                                                                     @tahoe.6aca4b7c3931329b.186115.50 807188            * 0
u_dgr UNCONN 0      0                                                                     @tahoe.6aca4b7c3931329b.162307.35 805313            * 0
u_dgr UNCONN 0      0                                                                     @tahoe.6aca4b7c3931329b.431619.22 815164            * 0
u_dgr UNCONN 0      0                                                                     @tahoe.6aca4b7c3931329b.374019.50 810478            * 0
u_dgr UNCONN 0      0                                                                     @tahoe.6aca4b7c3931329b.220419.54 807224            * 0
u_dgr UNCONN 0      0                                                                     @tahoe.6aca4b7c3931329b.156419.30 808154            * 0
u_dgr UNCONN 0      0                                                                     @tahoe.6aca4b7c3931329b.130307.32 805271            * 0
u_dgr UNCONN 0      0                                                                     @tahoe.6aca4b7c3931329b.393731.40 809277            * 0
u_dgr UNCONN 0      0                                                                     @tahoe.6aca4b7c3931329b.264707.22 805646            * 0
u_dgr UNCONN 0      0                                                                     @tahoe.6aca4b7c3931329b.252419.21 807412            * 0
u_dgr UNCONN 0      0                                                                     @tahoe.6aca4b7c3931329b.194307.24 806398            * 0
u_dgr UNCONN 0      0                                                                     @tahoe.6aca4b7c3931329b.192003.52 806388            * 0
u_dgr UNCONN 0      0                                                                     @tahoe.6aca4b7c3931329b.161027.42 806320            * 0
u_dgr UNCONN 0      0                                                                     @tahoe.6aca4b7c3931329b.332803.23 809137            * 0
u_dgr UNCONN 1      0                                                                     @tahoe.6aca4b7c3931329b.271107.24 807576            * 0
u_dgr UNCONN 0      0                                                                     @tahoe.6aca4b7c3931329b.251139.21 807398            * 0
u_dgr UNCONN 0      0                                                                     @tahoe.6aca4b7c3931329b.211715.52 805398            * 0
u_dgr UNCONN 0      0                                                                     @tahoe.6aca4b7c3931329b.175107.30 806347            * 0
u_dgr UNCONN 0      0                                                                     @tahoe.6aca4b7c3931329b.153603.33 808150            * 0
u_dgr UNCONN 0      0                                                                     @tahoe.6aca4b7c3931329b.152323.53 807176            * 0
u_dgr UNCONN 0      0                                                                     @tahoe.6aca4b7c3931329b.281603.52 809990            * 0
u_dgr UNCONN 0      0                                                                     @tahoe.6aca4b7c3931329b.252931.21 807413            * 0
u_dgr UNCONN 0      0                                                                     @tahoe.6aca4b7c3931329b.172803.20 806345            * 0
u_dgr UNCONN 0      0                                                                     @tahoe.6aca4b7c3931329b.262403.23 805630            * 0
u_dgr UNCONN 0      0                                                                     @tahoe.6aca4b7c3931329b.137219.30 808118            * 0
u_dgr UNCONN 0      0                                                                     @tahoe.6aca4b7c3931329b.300803.34 810122            * 0
u_dgr UNCONN 0      0                                                                     @tahoe.6aca4b7c3931329b.201219.33 806416            * 0
u_dgr UNCONN 1      0                                                                     @tahoe.6aca4b7c3931329b.330243.32 811107            * 0
u_dgr UNCONN 0      0                                                                     @tahoe.6aca4b7c3931329b.272131.22 806830            * 0
u_dgr UNCONN 0      0                                                                     @tahoe.6aca4b7c3931329b.400643.40 811531            * 0
u_dgr UNCONN 0      0                                                                     @tahoe.6aca4b7c3931329b.251651.21 807400            * 0
u_dgr UNCONN 0      0                                                                     @tahoe.6aca4b7c3931329b.211203.53 807212            * 0
u_dgr UNCONN 0      0                                                                     @tahoe.6aca4b7c3931329b.154115.33 808151            * 0
u_dgr UNCONN 0      0                                                                     @tahoe.6aca4b7c3931329b.130563.32 805272            * 0
u_dgr UNCONN 0      0                                                                     @tahoe.6aca4b7c3931329b.124931.21 808101            * 0
u_dgr UNCONN 1      0                                                                     @tahoe.6aca4b7c3931329b.402435.40 811535            * 0
u_dgr UNCONN 0      0                                                                     @tahoe.6aca4b7c3931329b.331523.32 811113            * 0
u_dgr UNCONN 0      0                                                                     @tahoe.6aca4b7c3931329b.241411.23 807332            * 0
u_dgr UNCONN 0      0                                                                     @tahoe.6aca4b7c3931329b.401411.40 811534            * 0
u_dgr UNCONN 0      0                                                                     @tahoe.6aca4b7c3931329b.222211.23 806461            * 0
u_dgr UNCONN 0      0                                                                      @tahoe.6aca4b7c3931329b.372739.1 809168            * 0
u_dgr UNCONN 0      0                                                                     @tahoe.6aca4b7c3931329b.300035.23 809045            * 0
u_dgr UNCONN 0      0                                                                     @tahoe.6aca4b7c3931329b.363011.32 810407            * 0
u_dgr UNCONN 0      0                                                                     @tahoe.6aca4b7c3931329b.312323.32 810235            * 0
u_dgr UNCONN 0      0                                                                     @tahoe.6aca4b7c3931329b.352003.50 807631            * 0
u_dgr UNCONN 0      0                                                                     @tahoe.6aca4b7c3931329b.331011.32 811111            * 0
u_dgr UNCONN 0      0                                                                     @tahoe.6aca4b7c3931329b.134403.30 808111            * 0
u_dgr UNCONN 0      0                                                                      @tahoe.6aca4b7c3931329b.98307.54 808966            * 0
u_dgr UNCONN 0      0                                                                      @tahoe.6aca4b7c3931329b.79619.48 808836            * 0
u_dgr UNCONN 0      0                                                                      @tahoe.6aca4b7c3931329b.87299.52 808874            * 0
u_dgr UNCONN 0      0                                                                      @tahoe.6aca4b7c3931329b.79875.48 808810            * 0
u_dgr UNCONN 0      0                                                                       @tahoe.6aca4b7c3931329b.70659.1 807044            * 0
u_dgr UNCONN 1      0                                                                       @tahoe.6aca4b7c3931329b.60931.1 805143            * 0
u_dgr UNCONN 0      0                                                                     @tahoe.6aca4b7c3931329b.417283.38 810716            * 0
u_dgr UNCONN 0      0                                                                       @tahoe.6aca4b7c3931329b.93699.1 805210            * 0
u_dgr UNCONN 0      0                                                                       @tahoe.6aca4b7c3931329b.90883.1 805202            * 0
u_dgr UNCONN 1      0                                                                       @tahoe.6aca4b7c3931329b.62723.1 806166            * 0
u_dgr UNCONN 0      0                                                                       @tahoe.6aca4b7c3931329b.53507.1 807965            * 0
u_dgr UNCONN 0      0                                                                       @tahoe.6aca4b7c3931329b.30979.1 805076            * 0
u_dgr UNCONN 0      0                                                                       @tahoe.6aca4b7c3931329b.93955.1 805211            * 0
u_dgr UNCONN 0      0                                                                       @tahoe.6aca4b7c3931329b.91139.1 805203            * 0
u_dgr UNCONN 0      0                                                                       @tahoe.6aca4b7c3931329b.71427.1 807047            * 0
u_dgr UNCONN 0      0                                                                       @tahoe.6aca4b7c3931329b.62979.1 806167            * 0
u_dgr UNCONN 0      0                                                                     @tahoe.6aca4b7c3931329b.418051.38 811621            * 0
u_dgr UNCONN 1      0                                                                       @tahoe.6aca4b7c3931329b.73219.1 807051            * 0
u_dgr UNCONN 1      0                                                                       @tahoe.6aca4b7c3931329b.70403.1 807043            * 0
u_dgr UNCONN 0      0                                                                       @tahoe.6aca4b7c3931329b.94723.1 805214            * 0
u_dgr UNCONN 0      0                                                                       @tahoe.6aca4b7c3931329b.93443.1 805209            * 0
u_dgr UNCONN 0      0                                                                       @tahoe.6aca4b7c3931329b.50947.1 807961            * 0
u_dgr UNCONN 0      0                                                                       @tahoe.6aca4b7c3931329b.98307.1 805217            * 0
u_dgr UNCONN 0      0                                                                       @tahoe.6aca4b7c3931329b.89859.1 805201            * 0
u_dgr UNCONN 0      0                                                                       @tahoe.6aca4b7c3931329b.64515.1 808002            * 0
u_dgr UNCONN 0      0                                                                       @tahoe.6aca4b7c3931329b.33539.1 805088            * 0
u_dgr UNCONN 0      0                                                                       @tahoe.6aca4b7c3931329b.13827.1 804786            * 0
u_dgr UNCONN 0      0                                                                     @tahoe.6aca4b7c3931329b.208131.47 805392            * 0
u_dgr UNCONN 0      0                                                                       @tahoe.6aca4b7c3931329b.91651.1 805205            * 0
u_dgr UNCONN 0      0                                                                       @tahoe.6aca4b7c3931329b.70915.1 807045            * 0
u_dgr UNCONN 0      0                                                                       @tahoe.6aca4b7c3931329b.45827.1 807949            * 0
u_dgr UNCONN 0      0                                                                       @tahoe.6aca4b7c3931329b.31747.1 805079            * 0
u_dgr UNCONN 0      0                                                                       @tahoe.6aca4b7c3931329b.47107.1 807952            * 0
u_dgr UNCONN 0      0                                                                       @tahoe.6aca4b7c3931329b.41475.1 807943            * 0
u_dgr UNCONN 0      0                                                                       @tahoe.6aca4b7c3931329b.13315.1 806090            * 0
u_dgr UNCONN 0      0                                                                     @tahoe.6aca4b7c3931329b.399363.38 811529            * 0
u_dgr UNCONN 1      0                                                                     @tahoe.6aca4b7c3931329b.300291.23 809046            * 0
u_dgr UNCONN 0      0                                                                     @tahoe.6aca4b7c3931329b.138499.19 805281            * 0
u_dgr UNCONN 0      0                                                                       @tahoe.6aca4b7c3931329b.55811.1 807976            * 0
u_dgr UNCONN 0      0                                                                       @tahoe.6aca4b7c3931329b.30467.1 805074            * 0
u_dgr UNCONN 0      0                                                                     @tahoe.6aca4b7c3931329b.396291.38 810619            * 0
u_dgr UNCONN 0      0                                                                       @tahoe.6aca4b7c3931329b.94211.1 805212            * 0
u_dgr UNCONN 0      0                                                                       @tahoe.6aca4b7c3931329b.57603.1 807983            * 0
u_dgr UNCONN 0      0                                                                       @tahoe.6aca4b7c3931329b.32259.1 805081            * 0
u_dgr UNCONN 0      0                                                                       @tahoe.6aca4b7c3931329b.26627.1 805063            * 0
u_dgr UNCONN 0      0                                                                     @tahoe.6aca4b7c3931329b.398083.38 811526            * 0
u_dgr UNCONN 0      0                                                                       @tahoe.6aca4b7c3931329b.31235.1 805077            * 0
u_dgr UNCONN 0      0                                                                       @tahoe.6aca4b7c3931329b.24835.1 805056            * 0
u_dgr UNCONN 0      0                                                                     @tahoe.6aca4b7c3931329b.304131.41 810163            * 0
u_dgr UNCONN 0      0                                                                       @tahoe.6aca4b7c3931329b.71171.1 807046            * 0
u_dgr UNCONN 0      0                                                                       @tahoe.6aca4b7c3931329b.33027.1 805084            * 0
u_dgr UNCONN 0      0                                                                       @tahoe.6aca4b7c3931329b.26115.1 805061            * 0
u_dgr UNCONN 0      0                                                                       @tahoe.6aca4b7c3931329b.32515.1 805082            * 0
u_dgr UNCONN 0      0                                                                       @tahoe.6aca4b7c3931329b.25603.1 805059            * 0
u_dgr UNCONN 0      0                                                                       @tahoe.6aca4b7c3931329b.70147.1 807042            * 0
u_dgr UNCONN 0      0                                                                       @tahoe.6aca4b7c3931329b.56323.1 807978            * 0
u_dgr UNCONN 1      0                                                                       @tahoe.6aca4b7c3931329b.36611.1 806107            * 0
u_dgr UNCONN 0      0                                                                       @tahoe.6aca4b7c3931329b.30723.1 805075            * 0
u_dgr UNCONN 0      0                                                                       @tahoe.6aca4b7c3931329b.38403.1 805100            * 0
u_dgr UNCONN 0      0                                                                       @tahoe.6aca4b7c3931329b.24323.1 805054            * 0
u_dgr UNCONN 0      0                                                                     @tahoe.6aca4b7c3931329b.407811.35 811569            * 0
u_dgr UNCONN 0      0                                                                     @tahoe.6aca4b7c3931329b.368131.32 811239            * 0
u_dgr UNCONN 0      0                                                                     @tahoe.6aca4b7c3931329b.336387.23 811134            * 0
u_dgr UNCONN 0      0                                                                     @tahoe.6aca4b7c3931329b.332035.23 809132            * 0
u_dgr UNCONN 0      0                                                                     @tahoe.6aca4b7c3931329b.329987.32 811106            * 0
u_dgr UNCONN 0      0                                                                     @tahoe.6aca4b7c3931329b.313347.24 810221            * 0
u_dgr UNCONN 1      0                                                                     @tahoe.6aca4b7c3931329b.310531.24 809087            * 0
u_dgr UNCONN 0      0                                                                     @tahoe.6aca4b7c3931329b.228099.41 806480            * 0
u_dgr UNCONN 0      0                                                                     @tahoe.6aca4b7c3931329b.222467.48 806464            * 0
u_dgr UNCONN 0      0                                                                     @tahoe.6aca4b7c3931329b.195331.49 808389            * 0
u_dgr UNCONN 0      0                                                                     @tahoe.6aca4b7c3931329b.185091.50 807186            * 0
u_dgr UNCONN 0      0                                                                     @tahoe.6aca4b7c3931329b.157443.49 805304            * 0
u_dgr UNCONN 0      0                                                                     @tahoe.6aca4b7c3931329b.135683.21 808115            * 0
u_dgr UNCONN 0      0                                                                     @tahoe.6aca4b7c3931329b.129027.24 805269            * 0
u_dgr UNCONN 0      0                                                                       @tahoe.6aca4b7c3931329b.12035.1 806088            * 0
u_dgr UNCONN 0      0                                                                     @tahoe.6aca4b7c3931329b.414979.19 811605            * 0
u_dgr UNCONN 0      0                                                                     @tahoe.6aca4b7c3931329b.414211.34 811600            * 0
u_dgr UNCONN 1      0                                                                     @tahoe.6aca4b7c3931329b.406275.40 809306            * 0
u_dgr UNCONN 0      0                                                                     @tahoe.6aca4b7c3931329b.401155.40 811533            * 0
u_dgr UNCONN 0      0                                                                     @tahoe.6aca4b7c3931329b.394243.38 810615            * 0
u_dgr UNCONN 0      0                                                                     @tahoe.6aca4b7c3931329b.335363.23 809153            * 0
u_dgr UNCONN 0      0                                                                     @tahoe.6aca4b7c3931329b.328963.23 809114            * 0
u_dgr UNCONN 0      0                                                                     @tahoe.6aca4b7c3931329b.304643.53 809076            * 0
u_dgr UNCONN 0      0                                                                     @tahoe.6aca4b7c3931329b.281091.52 809988            * 0
u_dgr UNCONN 0      0                                                                     @tahoe.6aca4b7c3931329b.278531.46 808954            * 0
u_dgr UNCONN 0      0                                                                     @tahoe.6aca4b7c3931329b.259331.23 805626            * 0
u_dgr UNCONN 1      0                                                                     @tahoe.6aca4b7c3931329b.254211.49 807426            * 0
u_dgr UNCONN 1      0                                                                     @tahoe.6aca4b7c3931329b.250371.37 807389            * 0
u_dgr UNCONN 0      0                                                                     @tahoe.6aca4b7c3931329b.239107.33 805580            * 0
u_dgr UNCONN 0      0                                                                     @tahoe.6aca4b7c3931329b.216579.24 808430            * 0
u_dgr UNCONN 0      0                                                                     @tahoe.6aca4b7c3931329b.196099.46 805372            * 0
u_dgr UNCONN 0      0                                                                     @tahoe.6aca4b7c3931329b.178691.40 807182            * 0
u_dgr UNCONN 0      0                                                                     @tahoe.6aca4b7c3931329b.154371.34 805298            * 0
u_dgr UNCONN 0      0                                                                     @tahoe.6aca4b7c3931329b.148483.44 808139            * 0
u_dgr UNCONN 1      0                                                                     @tahoe.6aca4b7c3931329b.414467.34 811601            * 0
u_dgr UNCONN 0      0                                                                     @tahoe.6aca4b7c3931329b.388099.44 809261            * 0
u_dgr UNCONN 0      0                                                                     @tahoe.6aca4b7c3931329b.314115.24 810228            * 0
u_dgr UNCONN 0      0                                                                     @tahoe.6aca4b7c3931329b.306179.41 811015            * 0
u_dgr UNCONN 1      0                                                                     @tahoe.6aca4b7c3931329b.275203.19 808937            * 0
u_dgr UNCONN 0      0                                                                     @tahoe.6aca4b7c3931329b.249859.19 807391            * 0
u_dgr UNCONN 0      0                                                                     @tahoe.6aca4b7c3931329b.238851.33 805579            * 0
u_dgr UNCONN 0      0                                                                     @tahoe.6aca4b7c3931329b.226563.32 806469            * 0
u_dgr UNCONN 0      0                                                                     @tahoe.6aca4b7c3931329b.210179.38 805396            * 0
u_dgr UNCONN 0      0                                                                     @tahoe.6aca4b7c3931329b.194051.47 805370            * 0
u_dgr UNCONN 0      0                                                                     @tahoe.6aca4b7c3931329b.162051.35 805312            * 0
u_dgr UNCONN 0      0                                                                     @tahoe.6aca4b7c3931329b.161283.37 806321            * 0
u_dgr UNCONN 0      0                                                                     @tahoe.6aca4b7c3931329b.128003.21 808102            * 0
u_dgr UNCONN 0      0                                                                       @tahoe.6aca4b7c3931329b.35331.1 806102            * 0
u_dgr UNCONN 0      0                                                                     @tahoe.6aca4b7c3931329b.403203.46 811544            * 0
u_dgr UNCONN 0      0                                                                     @tahoe.6aca4b7c3931329b.369155.32 811240            * 0
u_dgr UNCONN 0      0                                                                     @tahoe.6aca4b7c3931329b.357123.23 810338            * 0
u_dgr UNCONN 1      0                                                                     @tahoe.6aca4b7c3931329b.304387.41 810164            * 0
u_dgr UNCONN 1      0                                                                     @tahoe.6aca4b7c3931329b.295171.32 809010            * 0
u_dgr UNCONN 0      0                                                                     @tahoe.6aca4b7c3931329b.259587.46 808831            * 0
u_dgr UNCONN 0      0                                                                     @tahoe.6aca4b7c3931329b.235267.23 805489            * 0
u_dgr UNCONN 0      0                                                                     @tahoe.6aca4b7c3931329b.232195.44 807249            * 0
u_dgr UNCONN 0      0                                                                     @tahoe.6aca4b7c3931329b.221187.23 806457            * 0
u_dgr UNCONN 0      0                                                                     @tahoe.6aca4b7c3931329b.216323.23 805415            * 0
u_dgr UNCONN 0      0                                                                     @tahoe.6aca4b7c3931329b.164099.49 808165            * 0
u_dgr UNCONN 0      0                                                                     @tahoe.6aca4b7c3931329b.145411.37 806301            * 0
u_dgr UNCONN 0      0                                                                     @tahoe.6aca4b7c3931329b.144131.22 805290            * 0
u_dgr UNCONN 1      0                                                                     @tahoe.6aca4b7c3931329b.367875.32 810431            * 0
u_dgr UNCONN 1      0                                                                     @tahoe.6aca4b7c3931329b.330243.46 811115            * 0
u_dgr UNCONN 1      0                                                                     @tahoe.6aca4b7c3931329b.310531.46 810207            * 0
u_dgr UNCONN 1      0                                                                     @tahoe.6aca4b7c3931329b.304899.53 809077            * 0
u_dgr UNCONN 0      0                                                                     @tahoe.6aca4b7c3931329b.296195.54 809022            * 0
u_dgr UNCONN 0      0                                                                     @tahoe.6aca4b7c3931329b.278275.46 808953            * 0
u_dgr UNCONN 0      0                                                                     @tahoe.6aca4b7c3931329b.270083.23 805666            * 0
u_dgr UNCONN 1      0                                                                     @tahoe.6aca4b7c3931329b.254211.46 808832            * 0
u_dgr UNCONN 0      0                                                                     @tahoe.6aca4b7c3931329b.235011.38 808483            * 0
u_dgr UNCONN 0      0                                                                     @tahoe.6aca4b7c3931329b.209411.42 805394            * 0
u_dgr UNCONN 0      0                                                                     @tahoe.6aca4b7c3931329b.206851.30 808424            * 0
u_dgr UNCONN 0      0                                                                     @tahoe.6aca4b7c3931329b.196355.46 805373            * 0
u_dgr UNCONN 0      0                                                                     @tahoe.6aca4b7c3931329b.136451.23 806286            * 0
u_dgr UNCONN 0      0                                                                     @tahoe.6aca4b7c3931329b.132355.22 805277            * 0
u_dgr UNCONN 1      0                                                                     @tahoe.6aca4b7c3931329b.417539.38 810717            * 0
u_dgr UNCONN 0      0                                                                     @tahoe.6aca4b7c3931329b.406019.40 809305            * 0
u_dgr UNCONN 0      0                                                                     @tahoe.6aca4b7c3931329b.399107.38 811528            * 0
u_dgr UNCONN 0      0                                                                     @tahoe.6aca4b7c3931329b.388355.44 809262            * 0
u_dgr UNCONN 0      0                                                                     @tahoe.6aca4b7c3931329b.344323.23 811151            * 0
u_dgr UNCONN 0      0                                                                     @tahoe.6aca4b7c3931329b.335107.23 809148            * 0
u_dgr UNCONN 0      0                                                                     @tahoe.6aca4b7c3931329b.310275.24 809086            * 0
u_dgr UNCONN 0      0                                                                     @tahoe.6aca4b7c3931329b.305155.41 810175            * 0
u_dgr UNCONN 0      0                                                                     @tahoe.6aca4b7c3931329b.276483.46 806890            * 0
u_dgr UNCONN 0      0                                                                     @tahoe.6aca4b7c3931329b.250115.37 807388            * 0
u_dgr UNCONN 0      0                                                                     @tahoe.6aca4b7c3931329b.231171.54 805474            * 0
u_dgr UNCONN 0      0                                                                     @tahoe.6aca4b7c3931329b.217859.35 805421            * 0
u_dgr UNCONN 0      0                                                                     @tahoe.6aca4b7c3931329b.217603.41 807222            * 0
u_dgr UNCONN 0      0                                                                     @tahoe.6aca4b7c3931329b.208899.40 806431            * 0
u_dgr UNCONN 0      0                                                                     @tahoe.6aca4b7c3931329b.126979.24 805261            * 0
u_dgr UNCONN 0      0                                                                       @tahoe.6aca4b7c3931329b.32003.1 805080            * 0
u_dgr UNCONN 0      0                                                                     @tahoe.6aca4b7c3931329b.359683.23 811210            * 0
u_dgr UNCONN 0      0                                                                     @tahoe.6aca4b7c3931329b.336899.23 811135            * 0
u_dgr UNCONN 0      0                                                                     @tahoe.6aca4b7c3931329b.229891.42 805466            * 0
u_dgr UNCONN 0      0                                                                     @tahoe.6aca4b7c3931329b.221443.23 806458            * 0
u_dgr UNCONN 0      0                                                                     @tahoe.6aca4b7c3931329b.214531.41 807219            * 0
u_dgr UNCONN 0      0                                                                     @tahoe.6aca4b7c3931329b.213763.32 807217            * 0
u_dgr UNCONN 0      0                                                                     @tahoe.6aca4b7c3931329b.205571.32 807208            * 0
u_dgr UNCONN 0      0                                                                     @tahoe.6aca4b7c3931329b.153091.33 808149            * 0
u_dgr UNCONN 0      0                                                                     @tahoe.6aca4b7c3931329b.126723.24 805260            * 0
u_dgr UNCONN 1      0                                                                     @tahoe.6aca4b7c3931329b.404995.38 811560            * 0
u_dgr UNCONN 0      0                                                                     @tahoe.6aca4b7c3931329b.404739.38 811559            * 0
u_dgr UNCONN 0      0                                                                     @tahoe.6aca4b7c3931329b.364035.32 810408            * 0
u_dgr UNCONN 1      0                                                                     @tahoe.6aca4b7c3931329b.336131.32 811130            * 0
u_dgr UNCONN 1      0                                                                     @tahoe.6aca4b7c3931329b.277763.46 808949            * 0
u_dgr UNCONN 0      0                                                                     @tahoe.6aca4b7c3931329b.263171.24 808869            * 0
u_dgr UNCONN 0      0                                                                     @tahoe.6aca4b7c3931329b.238595.33 805578            * 0
u_dgr UNCONN 0      0                                                                     @tahoe.6aca4b7c3931329b.229123.34 806482            * 0
u_dgr UNCONN 0      0                                                                     @tahoe.6aca4b7c3931329b.224003.38 808444            * 0
u_dgr UNCONN 0      0                                                                     @tahoe.6aca4b7c3931329b.210435.38 805397            * 0
u_dgr UNCONN 0      0                                                                     @tahoe.6aca4b7c3931329b.200195.23 808413            * 0
u_dgr UNCONN 0      0                                                                     @tahoe.6aca4b7c3931329b.179203.22 806366            * 0
u_dgr UNCONN 0      0                                                                     @tahoe.6aca4b7c3931329b.157187.49 805303            * 0
u_dgr UNCONN 0      0                                                                     @tahoe.6aca4b7c3931329b.127491.20 807156            * 0
u_dgr UNCONN 0      0                                                                     @tahoe.6aca4b7c3931329b.127235.20 807155            * 0
u_dgr UNCONN 0      0                                                                     @tahoe.6aca4b7c3931329b.125699.19 807153            * 0
u_dgr UNCONN 0      0                                                                     @tahoe.6aca4b7c3931329b.416771.38 810714            * 0
u_dgr UNCONN 0      0                                                                     @tahoe.6aca4b7c3931329b.388611.44 811462            * 0
u_dgr UNCONN 0      0                                                                     @tahoe.6aca4b7c3931329b.387331.40 809252            * 0
u_dgr UNCONN 0      0                                                                     @tahoe.6aca4b7c3931329b.331779.23 809130            * 0
u_dgr UNCONN 0      0                                                                     @tahoe.6aca4b7c3931329b.331267.32 811112            * 0
u_dgr UNCONN 0      0                                                                     @tahoe.6aca4b7c3931329b.329475.23 809119            * 0
u_dgr UNCONN 0      0                                                                     @tahoe.6aca4b7c3931329b.278019.46 808952            * 0
u_dgr UNCONN 0      0                                                                     @tahoe.6aca4b7c3931329b.270851.24 807575            * 0
u_dgr UNCONN 0      0                                                                     @tahoe.6aca4b7c3931329b.250883.21 807397            * 0
u_dgr UNCONN 0      0                                                                     @tahoe.6aca4b7c3931329b.230147.46 805467            * 0
u_dgr UNCONN 0      0                                                                     @tahoe.6aca4b7c3931329b.221955.23 806460            * 0
u_dgr UNCONN 0      0                                                                     @tahoe.6aca4b7c3931329b.218371.34 808433            * 0
u_dgr UNCONN 0      0                                                                     @tahoe.6aca4b7c3931329b.205827.32 807209            * 0
u_dgr UNCONN 0      0                                                                     @tahoe.6aca4b7c3931329b.201987.35 807201            * 0
u_dgr UNCONN 0      0                                                                     @tahoe.6aca4b7c3931329b.183555.46 808175            * 0
u_dgr UNCONN 0      0                                                                     @tahoe.6aca4b7c3931329b.179715.34 805334            * 0
u_dgr UNCONN 0      0                                                                     @tahoe.6aca4b7c3931329b.171523.19 806341            * 0
u_dgr UNCONN 0      0                                                                     @tahoe.6aca4b7c3931329b.158467.42 806313            * 0
u_dgr UNCONN 0      0                                                                     @tahoe.6aca4b7c3931329b.157955.21 805307            * 0
u_dgr UNCONN 0      0                                                                     @tahoe.6aca4b7c3931329b.156163.49 805302            * 0
u_dgr UNCONN 0      0                                                                     @tahoe.6aca4b7c3931329b.342787.23 811145            * 0
u_dgr UNCONN 0      0                                                                     @tahoe.6aca4b7c3931329b.338691.24 811137            * 0
u_dgr UNCONN 0      0                                                                     @tahoe.6aca4b7c3931329b.335875.32 811129            * 0
u_dgr UNCONN 0      0                                                                     @tahoe.6aca4b7c3931329b.330755.32 811110            * 0
u_dgr UNCONN 0      0                                                                     @tahoe.6aca4b7c3931329b.328451.23 809112            * 0
u_dgr UNCONN 0      0                                                                     @tahoe.6aca4b7c3931329b.312835.24 810220            * 0
u_dgr UNCONN 1      0                                                                     @tahoe.6aca4b7c3931329b.297731.34 809039            * 0
u_dgr UNCONN 1      0                                                                     @tahoe.6aca4b7c3931329b.296451.54 809023            * 0
u_dgr UNCONN 0      0                                                                     @tahoe.6aca4b7c3931329b.292099.41 808987            * 0
u_dgr UNCONN 0      0                                                                     @tahoe.6aca4b7c3931329b.270595.53 807573            * 0
u_dgr UNCONN 0      0                                                                     @tahoe.6aca4b7c3931329b.261891.54 808855            * 0
u_dgr UNCONN 0      0                                                                     @tahoe.6aca4b7c3931329b.251395.21 807399            * 0
u_dgr UNCONN 0      0                                                                     @tahoe.6aca4b7c3931329b.235523.44 805492            * 0
u_dgr UNCONN 0      0                                                                     @tahoe.6aca4b7c3931329b.228355.38 807243            * 0
u_dgr UNCONN 0      0                                                                     @tahoe.6aca4b7c3931329b.223747.38 808443            * 0
u_dgr UNCONN 0      0                                                                     @tahoe.6aca4b7c3931329b.211971.52 805399            * 0
u_dgr UNCONN 0      0                                                                     @tahoe.6aca4b7c3931329b.184067.46 808176            * 0
u_dgr UNCONN 0      0                                                                     @tahoe.6aca4b7c3931329b.183043.54 806371            * 0
u_dgr UNCONN 0      0                                                                     @tahoe.6aca4b7c3931329b.178179.21 805332            * 0
u_dgr UNCONN 0      0                                                                     @tahoe.6aca4b7c3931329b.169475.40 807178            * 0
u_dgr UNCONN 0      0                                                                     @tahoe.6aca4b7c3931329b.150275.53 807175            * 0
u_dgr UNCONN 0      0                                                                     @tahoe.6aca4b7c3931329b.369923.32 810441            * 0
u_dgr UNCONN 0      0                                                                     @tahoe.6aca4b7c3931329b.367107.32 810428            * 0
u_dgr UNCONN 0      0                                                                     @tahoe.6aca4b7c3931329b.272387.22 806831            * 0
u_dgr UNCONN 1      0                                                                     @tahoe.6aca4b7c3931329b.262147.23 805628            * 0
u_dgr UNCONN 0      0                                                                     @tahoe.6aca4b7c3931329b.243459.24 808730            * 0
u_dgr UNCONN 0      0                                                                     @tahoe.6aca4b7c3931329b.177923.37 806364            * 0
u_dgr UNCONN 0      0                                                                     @tahoe.6aca4b7c3931329b.169731.40 807179            * 0
u_dgr UNCONN 0      0                                                                     @tahoe.6aca4b7c3931329b.166403.23 806327            * 0
u_dgr UNCONN 0      0                                                                     @tahoe.6aca4b7c3931329b.162563.33 808159            * 0
u_dgr UNCONN 0      0                                                                     @tahoe.6aca4b7c3931329b.156675.30 808155            * 0
u_dgr UNCONN 0      0                                                                     @tahoe.6aca4b7c3931329b.136963.30 808117            * 0
u_dgr UNCONN 1      0                                                                     @tahoe.6aca4b7c3931329b.415235.19 811606            * 0
u_dgr UNCONN 0      0                                                                     @tahoe.6aca4b7c3931329b.373251.50 810454            * 0
u_dgr UNCONN 0      0                                                                     @tahoe.6aca4b7c3931329b.332291.46 811114            * 0
u_dgr UNCONN 1      0                                                                     @tahoe.6aca4b7c3931329b.316163.46 811070            * 0
u_dgr UNCONN 0      0                                                                     @tahoe.6aca4b7c3931329b.267523.54 808879            * 0
u_dgr UNCONN 0      0                                                                     @tahoe.6aca4b7c3931329b.263427.37 806808            * 0
u_dgr UNCONN 0      0                                                                     @tahoe.6aca4b7c3931329b.256259.41 807436            * 0
u_dgr UNCONN 0      0                                                                     @tahoe.6aca4b7c3931329b.238083.33 805577            * 0
u_dgr UNCONN 0      0                                                                     @tahoe.6aca4b7c3931329b.221699.23 806459            * 0
u_dgr UNCONN 1      0                                                                     @tahoe.6aca4b7c3931329b.219907.46 805427            * 0
u_dgr UNCONN 0      0                                                                     @tahoe.6aca4b7c3931329b.214787.41 807220            * 0
u_dgr UNCONN 0      0                                                                     @tahoe.6aca4b7c3931329b.204291.53 805387            * 0
u_dgr UNCONN 0      0                                                                     @tahoe.6aca4b7c3931329b.197891.30 808402            * 0
u_dgr UNCONN 0      0                                                                     @tahoe.6aca4b7c3931329b.194563.24 806399            * 0
u_dgr UNCONN 0      0                                                                     @tahoe.6aca4b7c3931329b.187395.50 807190            * 0
u_dgr UNCONN 0      0                                                                     @tahoe.6aca4b7c3931329b.163587.35 805315            * 0
u_dgr UNCONN 0      0                                                                     @tahoe.6aca4b7c3931329b.153347.34 805296            * 0
u_dgr UNCONN 0      0                                                                     @tahoe.6aca4b7c3931329b.145923.37 806302            * 0
u_dgr UNCONN 0      0                                                                     @tahoe.6aca4b7c3931329b.135427.22 805279            * 0
u_dgr UNCONN 0      0                                                                     @tahoe.6aca4b7c3931329b.129283.32 805270            * 0
u_dgr UNCONN 0      0                                                                     @tahoe.6aca4b7c3931329b.127747.20 807157            * 0
u_dgr UNCONN 0      0                                                                     @tahoe.6aca4b7c3931329b.125187.19 807152            * 0
u_dgr UNCONN 0      0                                                                     @tahoe.6aca4b7c3931329b.416515.38 810712            * 0
u_dgr UNCONN 1      0                                                                     @tahoe.6aca4b7c3931329b.402179.46 811545            * 0
u_dgr UNCONN 1      0                                                                     @tahoe.6aca4b7c3931329b.391171.38 811494            * 0
u_dgr UNCONN 0      0                                                                     @tahoe.6aca4b7c3931329b.370691.50 811251            * 0
u_dgr UNCONN 0      0                                                                     @tahoe.6aca4b7c3931329b.365059.32 810415            * 0
u_dgr UNCONN 1      0                                                                     @tahoe.6aca4b7c3931329b.352259.50 807632            * 0
u_dgr UNCONN 0      0                                                                     @tahoe.6aca4b7c3931329b.330499.23 809127            * 0
u_dgr UNCONN 0      0                                                                     @tahoe.6aca4b7c3931329b.329219.23 809115            * 0
u_dgr UNCONN 0      0                                                                     @tahoe.6aca4b7c3931329b.327427.24 809107            * 0
u_dgr UNCONN 1      0                                                                     @tahoe.6aca4b7c3931329b.292355.41 808988            * 0
u_dgr UNCONN 0      0                                                                     @tahoe.6aca4b7c3931329b.238339.21 808623            * 0
u_dgr UNCONN 0      0                                                                     @tahoe.6aca4b7c3931329b.212483.38 808427            * 0
u_dgr UNCONN 0      0                                                                     @tahoe.6aca4b7c3931329b.207619.53 808425            * 0
u_dgr UNCONN 0      0                                                                     @tahoe.6aca4b7c3931329b.187651.50 807191            * 0
u_dgr UNCONN 0      0                                                                     @tahoe.6aca4b7c3931329b.170755.35 805323            * 0
u_dgr UNCONN 0      0                                                                     @tahoe.6aca4b7c3931329b.145155.19 805291            * 0
u_dgr UNCONN 0      0                                                                     @tahoe.6aca4b7c3931329b.139267.23 806290            * 0
u_dgr UNCONN 0      0                                                                     @tahoe.6aca4b7c3931329b.408067.34 810668            * 0
u_dgr UNCONN 0      0                                                                     @tahoe.6aca4b7c3931329b.347651.24 811180            * 0
u_dgr UNCONN 0      0                                                                     @tahoe.6aca4b7c3931329b.340739.24 811139            * 0
u_dgr UNCONN 0      0                                                                     @tahoe.6aca4b7c3931329b.335619.23 809155            * 0
u_dgr UNCONN 0      0                                                                     @tahoe.6aca4b7c3931329b.328707.23 809113            * 0
u_dgr UNCONN 0      0                                                                     @tahoe.6aca4b7c3931329b.315395.24 810244            * 0
u_dgr UNCONN 0      0                                                                     @tahoe.6aca4b7c3931329b.257283.32 808802            * 0
u_dgr UNCONN 0      0                                                                     @tahoe.6aca4b7c3931329b.242435.48 808706            * 0
u_dgr UNCONN 0      0                                                                     @tahoe.6aca4b7c3931329b.239363.33 805581            * 0
u_dgr UNCONN 0      0                                                                     @tahoe.6aca4b7c3931329b.178435.40 807181            * 0
u_dgr UNCONN 0      0                                                                     @tahoe.6aca4b7c3931329b.158723.42 806314            * 0
u_dgr UNCONN 0      0                                                                     @tahoe.6aca4b7c3931329b.148227.44 808138            * 0
u_dgr UNCONN 0      0                                                                     @tahoe.6aca4b7c3931329b.137475.23 806287            * 0
u_dgr UNCONN 0      0                                                                     @tahoe.6aca4b7c3931329b.134659.22 805278            * 0
u_dgr UNCONN 0      0                                                                     @tahoe.6aca4b7c3931329b.366083.32 810418            * 0
u_dgr UNCONN 0      0                                                                     @tahoe.6aca4b7c3931329b.359427.23 811209            * 0
u_dgr UNCONN 0      0                                                                     @tahoe.6aca4b7c3931329b.333827.23 809144            * 0
u_dgr UNCONN 0      0                                                                     @tahoe.6aca4b7c3931329b.279043.46 808956            * 0
u_dgr UNCONN 0      0                                                                     @tahoe.6aca4b7c3931329b.237315.44 806603            * 0
u_dgr UNCONN 0      0                                                                     @tahoe.6aca4b7c3931329b.232707.48 808469            * 0
u_dgr UNCONN 0      0                                                                     @tahoe.6aca4b7c3931329b.226307.47 807238            * 0
u_dgr UNCONN 0      0                                                                     @tahoe.6aca4b7c3931329b.198147.50 808403            * 0
u_dgr UNCONN 0      0                                                                     @tahoe.6aca4b7c3931329b.180483.41 805336            * 0
u_dgr UNCONN 0      0                                                                     @tahoe.6aca4b7c3931329b.124675.19 807151            * 0
u_dgr UNCONN 1      0                                                                     @tahoe.6aca4b7c3931329b.418307.38 811622            * 0
u_dgr UNCONN 0      0                                                                     @tahoe.6aca4b7c3931329b.408323.19 810670            * 0
u_dgr UNCONN 0      0                                                                     @tahoe.6aca4b7c3931329b.400899.40 811532            * 0
u_dgr UNCONN 0      0                                                                     @tahoe.6aca4b7c3931329b.390403.38 811482            * 0
u_dgr UNCONN 0      0                                                                     @tahoe.6aca4b7c3931329b.366851.32 810423            * 0
u_dgr UNCONN 0      0                                                                     @tahoe.6aca4b7c3931329b.364547.32 810413            * 0
u_dgr UNCONN 0      0                                                                     @tahoe.6aca4b7c3931329b.364291.32 810410            * 0
u_dgr UNCONN 0      0                                                                     @tahoe.6aca4b7c3931329b.341763.24 809158            * 0
u_dgr UNCONN 0      0                                                                     @tahoe.6aca4b7c3931329b.329731.23 809122            * 0
u_dgr UNCONN 0      0                                                                     @tahoe.6aca4b7c3931329b.316419.46 811069            * 0
u_dgr UNCONN 0      0                                                                     @tahoe.6aca4b7c3931329b.311555.46 810206            * 0
u_dgr UNCONN 0      0                                                                     @tahoe.6aca4b7c3931329b.269571.22 805664            * 0
u_dgr UNCONN 0      0                                                                     @tahoe.6aca4b7c3931329b.236291.52 805501            * 0
u_dgr UNCONN 0      0                                                                     @tahoe.6aca4b7c3931329b.226819.24 808452            * 0
u_dgr UNCONN 0      0                                                                     @tahoe.6aca4b7c3931329b.225283.53 805440            * 0
u_dgr UNCONN 0      0                                                                     @tahoe.6aca4b7c3931329b.160771.48 805311            * 0
u_dgr UNCONN 0      0                                                                     @tahoe.6aca4b7c3931329b.160515.48 805310            * 0
u_dgr UNCONN 0      0                                                                     @tahoe.6aca4b7c3931329b.143875.20 808133            * 0
u_dgr UNCONN 0      0                                                                     @tahoe.6aca4b7c3931329b.136707.19 805280            * 0
u_dgr UNCONN 0      0                                                                     @tahoe.6aca4b7c3931329b.128259.21 808103            * 0
u_dgr UNCONN 1      0                                                                     @tahoe.6aca4b7c3931329b.393987.40 809278            * 0
u_dgr UNCONN 0      0                                                                     @tahoe.6aca4b7c3931329b.390659.38 810605            * 0
u_dgr UNCONN 0      0                                                                     @tahoe.6aca4b7c3931329b.273667.42 808929            * 0
u_dgr UNCONN 0      0                                                                     @tahoe.6aca4b7c3931329b.231939.44 807245            * 0
u_dgr UNCONN 0      0                                                                     @tahoe.6aca4b7c3931329b.192259.52 806389            * 0
u_dgr UNCONN 0      0                                                                     @tahoe.6aca4b7c3931329b.181763.54 806369            * 0
u_dgr UNCONN 0      0                                                                     @tahoe.6aca4b7c3931329b.284419.53 805731            * 0
u_dgr UNCONN 0      0                                                                     @tahoe.6aca4b7c3931329b.185347.50 807187            * 0
u_dgr UNCONN 0      0                                                                     @tahoe.6aca4b7c3931329b.184835.33 806379            * 0
u_dgr UNCONN 0      0                                                                     @tahoe.6aca4b7c3931329b.135939.21 808116            * 0
u_dgr UNCONN 0      0                                                                     @tahoe.6aca4b7c3931329b.198659.40 806402            * 0
u_dgr UNCONN 0      0                                                                     @tahoe.6aca4b7c3931329b.182787.54 806370            * 0
u_dgr UNCONN 0      0                                                                     @tahoe.6aca4b7c3931329b.180995.33 806367            * 0
u_dgr UNCONN 0      0                                                                     @tahoe.6aca4b7c3931329b.153859.34 805297            * 0
u_dgr UNCONN 1      0                                                                     @tahoe.6aca4b7c3931329b.286467.53 810024            * 0
u_dgr UNCONN 0      0                                                                     @tahoe.6aca4b7c3931329b.345859.24 810307            * 0
u_dgr UNCONN 0      0                                                                     @tahoe.6aca4b7c3931329b.191747.47 806387            * 0
u_dgr UNCONN 0      0                                                                     @tahoe.6aca4b7c3931329b.167939.23 806330            * 0
u_dgr UNCONN 0      0                                                                     @tahoe.6aca4b7c3931329b.148739.44 808140            * 0
u_dgr UNCONN 1      0                                                                     @tahoe.6aca4b7c3931329b.391427.38 811495            * 0
u_dgr UNCONN 0      0                                                                     @tahoe.6aca4b7c3931329b.240899.23 808669            * 0
u_dgr UNCONN 1      0                                                                     @tahoe.6aca4b7c3931329b.389635.40 811469            * 0
u_dgr UNCONN 0      0                                                                     @tahoe.6aca4b7c3931329b.280579.52 809986            * 0
u_dgr UNCONN 0      0                                                                     @tahoe.6aca4b7c3931329b.277507.46 808948            * 0
u_dgr UNCONN 0      0                                                                     @tahoe.6aca4b7c3931329b.170499.35 805322            * 0
u_dgr UNCONN 0      0                                                                     @tahoe.6aca4b7c3931329b.396547.38 811520            * 0
u_dgr UNCONN 0      0                                                                     @tahoe.6aca4b7c3931329b.144899.37 806300            * 0
u_dgr UNCONN 0      0                                                                       @tahoe.6aca4b7c3931329b.46083.1 807950            * 0
u_dgr UNCONN 0      0                                                                       @tahoe.6aca4b7c3931329b.26371.1 805062            * 0
u_dgr UNCONN 0      0                                                                     @tahoe.6aca4b7c3931329b.184579.46 808177            * 0
u_dgr UNCONN 0      0                                                                     @tahoe.6aca4b7c3931329b.176899.48 805328            * 0
u_dgr UNCONN 0      0                                                                     @tahoe.6aca4b7c3931329b.389379.40 811468            * 0
u_dgr UNCONN 0      0                                                                     @tahoe.6aca4b7c3931329b.387843.44 809260            * 0
u_dgr UNCONN 1      0                                                                     @tahoe.6aca4b7c3931329b.265987.24 805643            * 0
u_dgr UNCONN 0      0                                                                     @tahoe.6aca4b7c3931329b.193795.47 805369            * 0
u_dgr UNCONN 0      0                                                                     @tahoe.6aca4b7c3931329b.272899.49 806844            * 0
u_dgr UNCONN 0      0                                                                     @tahoe.6aca4b7c3931329b.253955.49 807425            * 0
u_dgr UNCONN 0      0                                                                     @tahoe.6aca4b7c3931329b.179459.34 805333            * 0
u_dgr UNCONN 1      0                                                                       @tahoe.6aca4b7c3931329b.57091.1 807981            * 0
u_dgr UNCONN 0      0                                                                     @tahoe.6aca4b7c3931329b.157699.48 805305            * 0
u_dgr UNCONN 0      0                                                                       @tahoe.6aca4b7c3931329b.25091.1 805057            * 0
u_dgr UNCONN 0      0                                                                       @tahoe.6aca4b7c3931329b.12291.1 806089            * 0
u_dgr UNCONN 0      0                                                                     @tahoe.6aca4b7c3931329b.399619.38 811530            * 0
u_dgr UNCONN 0      0                                                                       @tahoe.6aca4b7c3931329b.37123.1 805094            * 0
u_dgr UNCONN 0      0                                                                     @tahoe.6aca4b7c3931329b.278787.46 808955            * 0
u_dgr UNCONN 0      0                                                                       @tahoe.6aca4b7c3931329b.34051.1 805090            * 0
u_dgr UNCONN 0      0                                                                     @tahoe.6aca4b7c3931329b.398339.38 811527            * 0
u_dgr UNCONN 0      0                                                                     @tahoe.6aca4b7c3931329b.387587.44 809259            * 0
u_dgr UNCONN 0      0                                                                       @tahoe.6aca4b7c3931329b.37379.1 805095            * 0
u_dgr UNCONN 0      0                                                                       @tahoe.6aca4b7c3931329b.36099.1 806105            * 0
u_dgr UNCONN 0      0                                                                       @tahoe.6aca4b7c3931329b.33283.1 805085            * 0
u_dgr UNCONN 0      0                                                                       @tahoe.6aca4b7c3931329b.79363.1 807058            * 0
u_dgr UNCONN 0      0                                                                       @tahoe.6aca4b7c3931329b.37891.1 805097            * 0
u_dgr UNCONN 0      0                                                                       @tahoe.6aca4b7c3931329b.35587.1 806103            * 0
u_dgr UNCONN 0      0                                                                       @tahoe.6aca4b7c3931329b.32771.1 805083            * 0
u_dgr UNCONN 0      0                                                                       @tahoe.6aca4b7c3931329b.49411.1 807001            * 0
u_dgr UNCONN 0      0                                                                       @tahoe.6aca4b7c3931329b.29699.1 805071            * 0
u_dgr UNCONN 0      0                                                                       @tahoe.6aca4b7c3931329b.26883.1 805064            * 0
u_dgr UNCONN 0      0                                                                       @tahoe.6aca4b7c3931329b.87043.1 805193            * 0
u_dgr UNCONN 0      0                                                                       @tahoe.6aca4b7c3931329b.45571.1 807948            * 0
u_dgr UNCONN 0      0                                                                       @tahoe.6aca4b7c3931329b.36355.1 806106            * 0
u_dgr UNCONN 0      0                                                                       @tahoe.6aca4b7c3931329b.31491.1 805078            * 0
u_dgr UNCONN 0      0                                                                       @tahoe.6aca4b7c3931329b.55555.1 807975            * 0
u_dgr UNCONN 0      0                                                                       @tahoe.6aca4b7c3931329b.35843.1 806104            * 0
u_dgr UNCONN 0      0                                                                       @tahoe.6aca4b7c3931329b.79107.1 807057            * 0
u_dgr UNCONN 0      0                                                                       @tahoe.6aca4b7c3931329b.56067.1 807977            * 0
u_dgr UNCONN 0      0                                                                       @tahoe.6aca4b7c3931329b.37635.1 805096            * 0
u_dgr UNCONN 1      0                                                                       @tahoe.6aca4b7c3931329b.76291.1 807053            * 0
u_dgr UNCONN 0      0                                                                       @tahoe.6aca4b7c3931329b.50691.1 807960            * 0
u_dgr UNCONN 0      0                                                                       @tahoe.6aca4b7c3931329b.33795.1 805089            * 0
u_dgr UNCONN 0      0                                                                       @tahoe.6aca4b7c3931329b.25347.1 805058            * 0
u_dgr UNCONN 1      0                                                                       @tahoe.6aca4b7c3931329b.82691.1 805189            * 0
u_dgr UNCONN 0      0                                                                       @tahoe.6aca4b7c3931329b.68611.1 806173            * 0
u_dgr UNCONN 0      0                                                                       @tahoe.6aca4b7c3931329b.57347.1 807982            * 0
u_dgr UNCONN 0      0                                                                       @tahoe.6aca4b7c3931329b.27395.1 805066            * 0
u_dgr UNCONN 0      0                                                                       @tahoe.6aca4b7c3931329b.27139.1 805065            * 0
u_dgr UNCONN 0      0                                                                       @tahoe.6aca4b7c3931329b.76547.1 807054            * 0
u_dgr UNCONN 0      0                                                                       @tahoe.6aca4b7c3931329b.69635.1 807036            * 0
u_dgr UNCONN 0      0                                                                       @tahoe.6aca4b7c3931329b.56835.1 807980            * 0
u_dgr UNCONN 0      0                                                                       @tahoe.6aca4b7c3931329b.29187.1 805070            * 0
u_dgr UNCONN 0      0                                                                       @tahoe.6aca4b7c3931329b.25859.1 805060            * 0
u_dgr UNCONN 0      0                                                                       @tahoe.6aca4b7c3931329b.24579.1 805055            * 0
u_dgr UNCONN 0      0                                                                       @tahoe.6aca4b7c3931329b.93187.1 805208            * 0
u_dgr UNCONN 0      0                                                                       @tahoe.6aca4b7c3931329b.86787.1 805192            * 0
u_dgr UNCONN 0      0                                                                       @tahoe.6aca4b7c3931329b.79875.1 807060            * 0
u_dgr UNCONN 0      0                                                                       @tahoe.6aca4b7c3931329b.91395.1 805204            * 0
u_dgr UNCONN 0      0                                                                       @tahoe.6aca4b7c3931329b.89091.1 805198            * 0
u_dgr UNCONN 1      0                                                                       @tahoe.6aca4b7c3931329b.54787.1 807972            * 0
u_dgr UNCONN 0      0                                                                       @tahoe.6aca4b7c3931329b.46339.1 807951            * 0
u_dgr UNCONN 0      0                                                                       @tahoe.6aca4b7c3931329b.89603.1 805200            * 0
u_dgr UNCONN 0      0                                                                       @tahoe.6aca4b7c3931329b.73475.1 807052            * 0
u_dgr UNCONN 0      0                                                                       @tahoe.6aca4b7c3931329b.64259.1 808001            * 0
u_dgr UNCONN 0      0                                                                       @tahoe.6aca4b7c3931329b.36867.1 805093            * 0
u_dgr UNCONN 0      0                                                                       @tahoe.6aca4b7c3931329b.89347.1 805199            * 0
u_dgr UNCONN 0      0                                                                       @tahoe.6aca4b7c3931329b.69891.1 807041            * 0
u_dgr UNCONN 0      0                                                                       @tahoe.6aca4b7c3931329b.38659.1 805101            * 0
u_dgr UNCONN 0      0                                                                       @tahoe.6aca4b7c3931329b.88835.1 805197            * 0
u_dgr UNCONN 0      0                                                                       @tahoe.6aca4b7c3931329b.79619.1 807059            * 0
u_dgr UNCONN 0      0                                                                       @tahoe.6aca4b7c3931329b.56579.1 807979            * 0
u_dgr UNCONN 0      0                                                                       @tahoe.6aca4b7c3931329b.98563.1 805218            * 0
u_dgr UNCONN 0      0                                                                       @tahoe.6aca4b7c3931329b.87299.1 805194            * 0
u_dgr UNCONN 0      0                                                                       @tahoe.6aca4b7c3931329b.94467.1 805213            * 0
u_dgr UNCONN 0      0                                                                       @tahoe.6aca4b7c3931329b.55299.1 807974            * 0
u_dgr UNCONN 0      0                                                                    @tahoe.6aca4b7c3931329b.407299.444 810666            * 0
u_dgr UNCONN 1      0                                                                    @tahoe.6aca4b7c3931329b.402179.255 810640            * 0
u_dgr UNCONN 0      0                                                                    @tahoe.6aca4b7c3931329b.413187.444 810694            * 0
u_dgr UNCONN 0      0                                                                    @tahoe.6aca4b7c3931329b.403971.444 807756            * 0
u_dgr UNCONN 0      0                                                                    @tahoe.6aca4b7c3931329b.397571.255 810629            * 0
u_dgr UNCONN 0      0                                                                        @tahoe.6aca4b7c3931329b.9731.1 803817            * 0
u_dgr UNCONN 0      0                                                                    @tahoe.6aca4b7c3931329b.412163.444 810685            * 0
u_dgr UNCONN 0      0                                                                    @tahoe.6aca4b7c3931329b.408579.255 811581            * 0
u_dgr UNCONN 0      0                                                                    @tahoe.6aca4b7c3931329b.405763.255 809296            * 0
u_dgr UNCONN 0      0                                                                    @tahoe.6aca4b7c3931329b.400131.255 810633            * 0
u_dgr UNCONN 0      0                                                                    @tahoe.6aca4b7c3931329b.405251.414 810657            * 0
u_dgr UNCONN 0      0                                                                    @tahoe.6aca4b7c3931329b.274691.444 811552            * 0
u_dgr UNCONN 0      0                                                                    @tahoe.6aca4b7c3931329b.392195.255 811501            * 0
u_dgr UNCONN 0      0                                                                    @tahoe.6aca4b7c3931329b.258563.255 807460            * 0
u_dgr UNCONN 0      0                                                                        @tahoe.6aca4b7c3931329b.9475.1 803816            * 0
u_dgr UNCONN 0      0                                                                    @tahoe.6aca4b7c3931329b.404995.414 810658            * 0
u_dgr UNCONN 0      0                                                                    @tahoe.6aca4b7c3931329b.300291.414 810142            * 0
u_dgr UNCONN 0      0                                                                    @tahoe.6aca4b7c3931329b.263683.255 808876            * 0
u_dgr UNCONN 1      0                                                                    @tahoe.6aca4b7c3931329b.308995.414 807618            * 0
u_dgr UNCONN 0      0                                                                    @tahoe.6aca4b7c3931329b.377091.960 811285            * 0
u_dgr UNCONN 0      0                                                                    @tahoe.6aca4b7c3931329b.415235.414 811610            * 0
u_dgr UNCONN 0      0                                                                    @tahoe.6aca4b7c3931329b.412675.444 810687            * 0
u_dgr UNCONN 0      0                                                                    @tahoe.6aca4b7c3931329b.261123.255 807468            * 0
u_dgr UNCONN 0      0                                                                    @tahoe.6aca4b7c3931329b.392451.255 811502            * 0
u_dgr UNCONN 0      0                                                                    @tahoe.6aca4b7c3931329b.296451.414 810140            * 0
u_dgr UNCONN 0      0                                                                    @tahoe.6aca4b7c3931329b.431363.414 815160            * 0
u_dgr UNCONN 0      0                                                                    @tahoe.6aca4b7c3931329b.414467.414 809316            * 0
u_dgr UNCONN 0      0                                                                    @tahoe.6aca4b7c3931329b.403459.444 807753            * 0
u_dgr UNCONN 1      0                                                                    @tahoe.6aca4b7c3931329b.242179.255 810625            * 0
u_dgr UNCONN 0      0                                                                    @tahoe.6aca4b7c3931329b.295171.414 810137            * 0
u_dgr UNCONN 0      0                                                                    @tahoe.6aca4b7c3931329b.415491.414 811609            * 0
u_dgr UNCONN 0      0                                                                    @tahoe.6aca4b7c3931329b.412419.444 810686            * 0
u_dgr UNCONN 0      0                                                                    @tahoe.6aca4b7c3931329b.405507.444 809294            * 0
u_dgr UNCONN 0      0                                                                    @tahoe.6aca4b7c3931329b.404227.444 807757            * 0
u_dgr UNCONN 0      0                                                                    @tahoe.6aca4b7c3931329b.401923.255 810639            * 0
u_dgr UNCONN 0      0                                                                    @tahoe.6aca4b7c3931329b.412931.444 810688            * 0
u_dgr UNCONN 0      0                                                                    @tahoe.6aca4b7c3931329b.275203.444 807759            * 0
u_dgr UNCONN 0      0                                                                    @tahoe.6aca4b7c3931329b.305923.414 810178            * 0
u_dgr UNCONN 0      0                                                                    @tahoe.6aca4b7c3931329b.300547.444 809049            * 0
u_dgr UNCONN 0      0                                                                    @tahoe.6aca4b7c3931329b.258051.255 807458            * 0
u_dgr UNCONN 0      0                                                                        @tahoe.6aca4b7c3931329b.9987.1 803818            * 0
u_dgr UNCONN 0      0                                                                    @tahoe.6aca4b7c3931329b.414723.414 809315            * 0
u_dgr UNCONN 0      0                                                                    @tahoe.6aca4b7c3931329b.407043.444 810664            * 0
u_dgr UNCONN 0      0                                                                    @tahoe.6aca4b7c3931329b.355075.414 810333            * 0
u_dgr UNCONN 0      0                                                                    @tahoe.6aca4b7c3931329b.394755.255 811515            * 0
u_dgr UNCONN 0      0                                                                    @tahoe.6aca4b7c3931329b.389635.414 811473            * 0
u_dgr UNCONN 0      0                                                                    @tahoe.6aca4b7c3931329b.292355.414 810129            * 0
u_dgr UNCONN 0      0                                                                    @tahoe.6aca4b7c3931329b.285443.414 810022            * 0
u_dgr UNCONN 1      0                                                                    @tahoe.6aca4b7c3931329b.392963.444 811506            * 0
u_dgr UNCONN 0      0                                                                    @tahoe.6aca4b7c3931329b.388867.444 809266            * 0
u_dgr UNCONN 0      0                                                                    @tahoe.6aca4b7c3931329b.352259.414 810334            * 0
u_dgr UNCONN 0      0                                                                    @tahoe.6aca4b7c3931329b.290563.444 805764            * 0
u_dgr UNCONN 0      0                                                                    @tahoe.6aca4b7c3931329b.284675.414 810020            * 0
u_dgr UNCONN 0      0                                                                    @tahoe.6aca4b7c3931329b.258819.255 807461            * 0
u_dgr UNCONN 0      0                                                                    @tahoe.6aca4b7c3931329b.411907.255 811584            * 0
u_dgr UNCONN 0      0                                                                    @tahoe.6aca4b7c3931329b.294403.444 810112            * 0
u_dgr UNCONN 0      0                                                                    @tahoe.6aca4b7c3931329b.294147.444 810111            * 0
u_dgr UNCONN 0      0                                                                    @tahoe.6aca4b7c3931329b.293891.414 808998            * 0
u_dgr UNCONN 0      0                                                                    @tahoe.6aca4b7c3931329b.397315.255 810628            * 0
u_dgr UNCONN 0      0                                                                    @tahoe.6aca4b7c3931329b.393475.414 811510            * 0
u_dgr UNCONN 0      0                                                                    @tahoe.6aca4b7c3931329b.297731.444 811557            * 0
u_dgr UNCONN 0      0                                                                    @tahoe.6aca4b7c3931329b.392963.414 811511            * 0
u_dgr UNCONN 0      0                                                                    @tahoe.6aca4b7c3931329b.308739.414 807617            * 0
u_dgr UNCONN 0      0                                                                    @tahoe.6aca4b7c3931329b.257539.255 807449            * 0
u_dgr UNCONN 0      0                                                                    @tahoe.6aca4b7c3931329b.402947.255 810643            * 0
u_dgr UNCONN 0      0                                                                    @tahoe.6aca4b7c3931329b.391683.255 811499            * 0
u_dgr UNCONN 0      0                                                                    @tahoe.6aca4b7c3931329b.304899.414 810179            * 0
u_dgr UNCONN 0      0                                                                    @tahoe.6aca4b7c3931329b.378883.960 810507            * 0
u_dgr UNCONN 0      0                                                                    @tahoe.6aca4b7c3931329b.376579.960 811283            * 0
u_dgr UNCONN 0      0                                                                    @tahoe.6aca4b7c3931329b.391939.255 811500            * 0
u_dgr UNCONN 0      0                                                                    @tahoe.6aca4b7c3931329b.377347.960 810500            * 0
u_dgr UNCONN 0      0                                                                    @tahoe.6aca4b7c3931329b.288771.414 805739            * 0
u_dgr UNCONN 0      0                                                                    @tahoe.6aca4b7c3931329b.376835.960 811284            * 0
u_dgr UNCONN 0      0                                                                    @tahoe.6aca4b7c3931329b.289795.414 809032            * 0
u_dgr UNCONN 0      0                                                                    @tahoe.6aca4b7c3931329b.296963.444 810116            * 0
u_dgr UNCONN 0      0                                                                    @tahoe.6aca4b7c3931329b.285699.414 810023            * 0
u_dgr UNCONN 0      0                                                                    @tahoe.6aca4b7c3931329b.257795.255 807457            * 0
u_dgr UNCONN 0      0                                                                    @tahoe.6aca4b7c3931329b.295939.414 805861            * 0
u_dgr UNCONN 0      0                                                                    @tahoe.6aca4b7c3931329b.286979.414 805732            * 0
u_dgr UNCONN 0      0                                                                   @tahoe.6aca4b7c3931329b.420867.5030 811641            * 0
u_dgr UNCONN 0      0                                                                   @tahoe.6aca4b7c3931329b.421635.5030 811644            * 0
u_dgr UNCONN 0      0                                                                   @tahoe.6aca4b7c3931329b.422403.5030 811647            * 0
u_dgr UNCONN 0      0                                                                   @tahoe.6aca4b7c3931329b.421123.5030 811642            * 0
u_dgr UNCONN 0      0                                                                   @tahoe.6aca4b7c3931329b.423171.5030 811651            * 0
u_dgr UNCONN 0      0                                                                   @tahoe.6aca4b7c3931329b.421891.5030 811645            * 0
u_dgr UNCONN 0      0                                                                   @tahoe.6aca4b7c3931329b.421379.5030 811643            * 0
